182.68.252.139 - - [24/Mar/2017:18:53:04 +0000] "GET / HTTP/1.1" 403 495 "-" "Mozilla/5.0 (Macintosh; Intel Mac OS X 10_12_1) AppleWebKit/537.36 (KHTML, like Gecko) Chrome/56.0.2924.87 Safari/537.36"
182.68.252.139 - - [24/Mar/2017:18:53:04 +0000] "GET /favicon.ico HTTP/1.1" 404 501 "http://52.37.234.20/" "Mozilla/5.0 (Macintosh; Intel Mac OS X 10_12_1) AppleWebKit/537.36 (KHTML, like Gecko) Chrome/56.0.2924.87 Safari/537.36"
63.143.42.245 - - [24/Mar/2017:18:53:18 +0000] "GET / HTTP/1.1" 403 458 "http://52.37.234.20" "Mozilla/5.0+(compatible; UptimeRobot/2.0; http://www.uptimerobot.com/)"
182.68.252.139 - - [24/Mar/2017:18:53:34 +0000] "GET / HTTP/1.1" 403 495 "-" "Mozilla/5.0 (Macintosh; Intel Mac OS X 10_12_1) AppleWebKit/537.36 (KHTML, like Gecko) Chrome/56.0.2924.87 Safari/537.36"
182.68.252.139 - - [24/Mar/2017:18:53:34 +0000] "GET /favicon.ico HTTP/1.1" 404 501 "http://52.37.234.20/" "Mozilla/5.0 (Macintosh; Intel Mac OS X 10_12_1) AppleWebKit/537.36 (KHTML, like Gecko) Chrome/56.0.2924.87 Safari/537.36"
182.68.252.139 - - [24/Mar/2017:18:53:47 +0000] "GET / HTTP/1.1" 403 495 "-" "Mozilla/5.0 (Macintosh; Intel Mac OS X 10_12_1) AppleWebKit/537.36 (KHTML, like Gecko) Chrome/56.0.2924.87 Safari/537.36"
182.68.252.139 - - [24/Mar/2017:18:53:48 +0000] "GET /favicon.ico HTTP/1.1" 404 501 "http://52.37.234.20/" "Mozilla/5.0 (Macintosh; Intel Mac OS X 10_12_1) AppleWebKit/537.36 (KHTML, like Gecko) Chrome/56.0.2924.87 Safari/537.36"
182.68.252.139 - - [24/Mar/2017:18:53:49 +0000] "GET / HTTP/1.1" 403 494 "-" "Mozilla/5.0 (Macintosh; Intel Mac OS X 10_12_1) AppleWebKit/537.36 (KHTML, like Gecko) Chrome/56.0.2924.87 Safari/537.36"
182.68.252.139 - - [24/Mar/2017:18:53:49 +0000] "GET /favicon.ico HTTP/1.1" 404 501 "http://52.37.234.20/" "Mozilla/5.0 (Macintosh; Intel Mac OS X 10_12_1) AppleWebKit/537.36 (KHTML, like Gecko) Chrome/56.0.2924.87 Safari/537.36"
182.68.252.139 - - [24/Mar/2017:18:53:51 +0000] "GET / HTTP/1.1" 403 494 "-" "Mozilla/5.0 (Macintosh; Intel Mac OS X 10_12_1) AppleWebKit/537.36 (KHTML, like Gecko) Chrome/56.0.2924.87 Safari/537.36"
182.68.252.139 - - [24/Mar/2017:18:54:08 +0000] "GET / HTTP/1.1" 403 495 "-" "Mozilla/5.0 (Macintosh; Intel Mac OS X 10_12_1) AppleWebKit/537.36 (KHTML, like Gecko) Chrome/56.0.2924.87 Safari/537.36"
182.68.252.139 - - [24/Mar/2017:18:54:08 +0000] "GET /favicon.ico HTTP/1.1" 404 501 "http://52.37.234.20/" "Mozilla/5.0 (Macintosh; Intel Mac OS X 10_12_1) AppleWebKit/537.36 (KHTML, like Gecko) Chrome/56.0.2924.87 Safari/537.36"
182.68.252.139 - - [24/Mar/2017:18:54:09 +0000] "GET / HTTP/1.1" 403 494 "-" "Mozilla/5.0 (Macintosh; Intel Mac OS X 10_12_1) AppleWebKit/537.36 (KHTML, like Gecko) Chrome/56.0.2924.87 Safari/537.36"
182.68.252.139 - - [24/Mar/2017:18:54:10 +0000] "GET /favicon.ico HTTP/1.1" 404 501 "http://52.37.234.20/" "Mozilla/5.0 (Macintosh; Intel Mac OS X 10_12_1) AppleWebKit/537.36 (KHTML, like Gecko) Chrome/56.0.2924.87 Safari/537.36"
63.143.42.245 - - [24/Mar/2017:18:54:18 +0000] "GET / HTTP/1.1" 403 458 "http://52.37.234.20" "Mozilla/5.0+(compatible; UptimeRobot/2.0; http://www.uptimerobot.com/)"
182.68.252.139 - - [24/Mar/2017:18:55:05 +0000] "GET / HTTP/1.1" 403 495 "-" "Mozilla/5.0 (Macintosh; Intel Mac OS X 10_12_1) AppleWebKit/537.36 (KHTML, like Gecko) Chrome/56.0.2924.87 Safari/537.36"
182.68.252.139 - - [24/Mar/2017:18:55:05 +0000] "GET /favicon.ico HTTP/1.1" 404 501 "http://52.37.234.20/" "Mozilla/5.0 (Macintosh; Intel Mac OS X 10_12_1) AppleWebKit/537.36 (KHTML, like Gecko) Chrome/56.0.2924.87 Safari/537.36"
182.68.252.139 - - [24/Mar/2017:18:55:06 +0000] "GET / HTTP/1.1" 403 494 "-" "Mozilla/5.0 (Macintosh; Intel Mac OS X 10_12_1) AppleWebKit/537.36 (KHTML, like Gecko) Chrome/56.0.2924.87 Safari/537.36"
182.68.252.139 - - [24/Mar/2017:18:55:07 +0000] "GET /favicon.ico HTTP/1.1" 404 501 "http://52.37.234.20/" "Mozilla/5.0 (Macintosh; Intel Mac OS X 10_12_1) AppleWebKit/537.36 (KHTML, like Gecko) Chrome/56.0.2924.87 Safari/537.36"
182.68.252.139 - - [24/Mar/2017:18:55:10 +0000] "GET /admin HTTP/1.1" 404 495 "-" "Mozilla/5.0 (Macintosh; Intel Mac OS X 10_12_1) AppleWebKit/537.36 (KHTML, like Gecko) Chrome/56.0.2924.87 Safari/537.36"
182.68.252.139 - - [24/Mar/2017:18:55:11 +0000] "GET /admin/ HTTP/1.1" 404 496 "-" "Mozilla/5.0 (Macintosh; Intel Mac OS X 10_12_1) AppleWebKit/537.36 (KHTML, like Gecko) Chrome/56.0.2924.87 Safari/537.36"
182.68.252.139 - - [24/Mar/2017:18:55:14 +0000] "GET / HTTP/1.1" 403 494 "-" "Mozilla/5.0 (Macintosh; Intel Mac OS X 10_12_1) AppleWebKit/537.36 (KHTML, like Gecko) Chrome/56.0.2924.87 Safari/537.36"
182.68.252.139 - - [24/Mar/2017:18:55:15 +0000] "GET / HTTP/1.1" 403 495 "-" "Mozilla/5.0 (Macintosh; Intel Mac OS X 10_12_1) AppleWebKit/537.36 (KHTML, like Gecko) Chrome/56.0.2924.87 Safari/537.36"
63.143.42.245 - - [24/Mar/2017:18:55:18 +0000] "GET / HTTP/1.1" 403 458 "http://52.37.234.20" "Mozilla/5.0+(compatible; UptimeRobot/2.0; http://www.uptimerobot.com/)"
182.68.252.139 - - [24/Mar/2017:18:55:19 +0000] "GET /index.html HTTP/1.1" 404 500 "-" "Mozilla/5.0 (Macintosh; Intel Mac OS X 10_12_1) AppleWebKit/537.36 (KHTML, like Gecko) Chrome/56.0.2924.87 Safari/537.36"
182.68.252.139 - - [24/Mar/2017:18:55:53 +0000] "GET /index.html HTTP/1.1" 404 501 "-" "Mozilla/5.0 (Macintosh; Intel Mac OS X 10_12_1) AppleWebKit/537.36 (KHTML, like Gecko) Chrome/56.0.2924.87 Safari/537.36"
182.68.252.139 - - [24/Mar/2017:18:55:53 +0000] "GET /favicon.ico HTTP/1.1" 404 501 "http://52.37.234.20/index.html" "Mozilla/5.0 (Macintosh; Intel Mac OS X 10_12_1) AppleWebKit/537.36 (KHTML, like Gecko) Chrome/56.0.2924.87 Safari/537.36"
182.68.252.139 - - [24/Mar/2017:18:55:56 +0000] "GET / HTTP/1.1" 403 494 "-" "Mozilla/5.0 (Macintosh; Intel Mac OS X 10_12_1) AppleWebKit/537.36 (KHTML, like Gecko) Chrome/56.0.2924.87 Safari/537.36"
182.68.252.139 - - [24/Mar/2017:18:55:56 +0000] "GET / HTTP/1.1" 403 495 "-" "Mozilla/5.0 (Macintosh; Intel Mac OS X 10_12_1) AppleWebKit/537.36 (KHTML, like Gecko) Chrome/56.0.2924.87 Safari/537.36"
182.68.252.139 - - [24/Mar/2017:18:55:58 +0000] "GET / HTTP/1.1" 403 494 "-" "Mozilla/5.0 (Macintosh; Intel Mac OS X 10_12_1) AppleWebKit/537.36 (KHTML, like Gecko) Chrome/56.0.2924.87 Safari/537.36"
63.143.42.245 - - [24/Mar/2017:18:56:18 +0000] "GET / HTTP/1.1" 403 458 "http://52.37.234.20" "Mozilla/5.0+(compatible; UptimeRobot/2.0; http://www.uptimerobot.com/)"
63.143.42.245 - - [24/Mar/2017:18:57:18 +0000] "GET / HTTP/1.1" 403 458 "http://52.37.234.20" "Mozilla/5.0+(compatible; UptimeRobot/2.0; http://www.uptimerobot.com/)"
63.143.42.245 - - [24/Mar/2017:18:58:18 +0000] "GET / HTTP/1.1" 403 458 "http://52.37.234.20" "Mozilla/5.0+(compatible; UptimeRobot/2.0; http://www.uptimerobot.com/)"
63.143.42.245 - - [24/Mar/2017:18:59:18 +0000] "GET / HTTP/1.1" 403 458 "http://52.37.234.20" "Mozilla/5.0+(compatible; UptimeRobot/2.0; http://www.uptimerobot.com/)"
63.143.42.245 - - [24/Mar/2017:19:00:18 +0000] "GET / HTTP/1.1" 403 458 "http://52.37.234.20" "Mozilla/5.0+(compatible; UptimeRobot/2.0; http://www.uptimerobot.com/)"
182.68.252.139 - - [24/Mar/2017:19:01:09 +0000] "GET / HTTP/1.1" 403 495 "-" "Mozilla/5.0 (Macintosh; Intel Mac OS X 10_12_1) AppleWebKit/537.36 (KHTML, like Gecko) Chrome/56.0.2924.87 Safari/537.36"
182.68.252.139 - - [24/Mar/2017:19:01:10 +0000] "GET /favicon.ico HTTP/1.1" 404 501 "http://52.37.234.20/" "Mozilla/5.0 (Macintosh; Intel Mac OS X 10_12_1) AppleWebKit/537.36 (KHTML, like Gecko) Chrome/56.0.2924.87 Safari/537.36"
63.143.42.245 - - [24/Mar/2017:19:01:18 +0000] "GET / HTTP/1.1" 403 458 "http://52.37.234.20" "Mozilla/5.0+(compatible; UptimeRobot/2.0; http://www.uptimerobot.com/)"
182.68.252.139 - - [24/Mar/2017:19:01:18 +0000] "GET / HTTP/1.1" 403 495 "-" "Mozilla/5.0 (Macintosh; Intel Mac OS X 10_12_1) AppleWebKit/537.36 (KHTML, like Gecko) Chrome/56.0.2924.87 Safari/537.36"
154.73.15.24 - - [24/Mar/2017:19:01:25 +0000] "GET / HTTP/1.1" 403 511 "https://inc42.com/" "Mozilla/5.0 (Linux; Android 6.0.1; Redmi 3S Build/MMB29M) AppleWebKit/537.36 (KHTML, like Gecko) Chrome/56.0.2924.87 Mobile Safari/537.36"
154.73.15.24 - - [24/Mar/2017:19:01:26 +0000] "GET /favicon.ico HTTP/1.1" 404 517 "http://www.appworkstechnologies.com/" "Mozilla/5.0 (Linux; Android 6.0.1; Redmi 3S Build/MMB29M) AppleWebKit/537.36 (KHTML, like Gecko) Chrome/56.0.2924.87 Mobile Safari/537.36"
63.143.42.245 - - [24/Mar/2017:19:02:18 +0000] "GET / HTTP/1.1" 403 458 "http://52.37.234.20" "Mozilla/5.0+(compatible; UptimeRobot/2.0; http://www.uptimerobot.com/)"
63.143.42.245 - - [24/Mar/2017:19:03:18 +0000] "GET / HTTP/1.1" 403 458 "http://52.37.234.20" "Mozilla/5.0+(compatible; UptimeRobot/2.0; http://www.uptimerobot.com/)"
63.143.42.245 - - [24/Mar/2017:19:04:18 +0000] "GET / HTTP/1.1" 403 458 "http://52.37.234.20" "Mozilla/5.0+(compatible; UptimeRobot/2.0; http://www.uptimerobot.com/)"
63.143.42.245 - - [24/Mar/2017:19:05:18 +0000] "GET / HTTP/1.1" 403 458 "http://52.37.234.20" "Mozilla/5.0+(compatible; UptimeRobot/2.0; http://www.uptimerobot.com/)"
63.143.42.245 - - [24/Mar/2017:19:06:18 +0000] "GET / HTTP/1.1" 403 458 "http://52.37.234.20" "Mozilla/5.0+(compatible; UptimeRobot/2.0; http://www.uptimerobot.com/)"
63.143.42.245 - - [24/Mar/2017:19:07:18 +0000] "GET / HTTP/1.1" 403 458 "http://52.37.234.20" "Mozilla/5.0+(compatible; UptimeRobot/2.0; http://www.uptimerobot.com/)"
63.143.42.245 - - [24/Mar/2017:19:08:18 +0000] "GET / HTTP/1.1" 403 458 "http://52.37.234.20" "Mozilla/5.0+(compatible; UptimeRobot/2.0; http://www.uptimerobot.com/)"
63.143.42.245 - - [24/Mar/2017:19:09:18 +0000] "GET / HTTP/1.1" 403 458 "http://52.37.234.20" "Mozilla/5.0+(compatible; UptimeRobot/2.0; http://www.uptimerobot.com/)"
63.143.42.245 - - [24/Mar/2017:19:10:18 +0000] "GET / HTTP/1.1" 403 458 "http://52.37.234.20" "Mozilla/5.0+(compatible; UptimeRobot/2.0; http://www.uptimerobot.com/)"
66.249.79.143 - - [24/Mar/2017:19:11:37 +0000] "GET /appworks/utilities/ HTTP/1.1" 404 526 "-" "Mozilla/5.0 (compatible; Googlebot/2.1; +http://www.google.com/bot.html)"
42.111.117.169 - - [24/Mar/2017:19:14:29 +0000] "GET / HTTP/1.1" 403 511 "https://www.google.co.in/" "Mozilla/5.0 (iPhone; CPU iPhone OS 10_0_1 like Mac OS X) AppleWebKit/602.1.50 (KHTML, like Gecko) CriOS/57.0.2987.100 Mobile/14A403 Safari/602.1"
42.111.117.169 - - [24/Mar/2017:19:14:30 +0000] "GET /favicon.ico HTTP/1.1" 404 518 "-" "Mozilla/5.0 (iPhone; CPU iPhone OS 10_0_1 like Mac OS X) AppleWebKit/602.1.50 (KHTML, like Gecko) CriOS/57.0.2987.100 Mobile/14A403 Safari/602.1"
63.143.42.245 - - [24/Mar/2017:19:15:46 +0000] "GET / HTTP/1.1" 403 458 "http://52.37.234.20" "Mozilla/5.0+(compatible; UptimeRobot/2.0; http://www.uptimerobot.com/)"
63.143.42.245 - - [24/Mar/2017:19:16:46 +0000] "GET / HTTP/1.1" 403 458 "http://52.37.234.20" "Mozilla/5.0+(compatible; UptimeRobot/2.0; http://www.uptimerobot.com/)"
63.143.42.245 - - [24/Mar/2017:19:17:46 +0000] "GET / HTTP/1.1" 403 458 "http://52.37.234.20" "Mozilla/5.0+(compatible; UptimeRobot/2.0; http://www.uptimerobot.com/)"
64.233.173.24 - - [24/Mar/2017:19:20:57 +0000] "GET / HTTP/1.1" 403 511 "-" "Mozilla/5.0 (Linux; Android 7.0; SM-G930F Build/NRD90M) AppleWebKit/537.36 (KHTML, like Gecko) Chrome/56.0.2924.87 Mobile Safari/537.36"
47.247.4.133 - - [24/Mar/2017:19:20:59 +0000] "GET / HTTP/1.1" 403 511 "-" "Mozilla/5.0 (Linux; Android 7.0; SM-G930F Build/NRD90M) AppleWebKit/537.36 (KHTML, like Gecko) Chrome/56.0.2924.87 Mobile Safari/537.36"
64.233.173.24 - - [24/Mar/2017:19:20:59 +0000] "GET /favicon.ico HTTP/1.1" 404 517 "http://www.appworkstechnologies.com/" "Mozilla/5.0 (Linux; Android 7.0; SM-G930F Build/NRD90M) AppleWebKit/537.36 (KHTML, like Gecko) Chrome/56.0.2924.87 Mobile Safari/537.36"
64.233.173.22 - - [24/Mar/2017:19:23:12 +0000] "GET / HTTP/1.1" 403 511 "-" "Mozilla/5.0 (Linux; Android 6.0; Lenovo A7020a48 Build/MRA58K) AppleWebKit/537.36 (KHTML, like Gecko) Chrome/56.0.2924.87 Mobile Safari/537.36"
47.15.15.79 - - [24/Mar/2017:19:23:14 +0000] "GET / HTTP/1.1" 403 511 "-" "Mozilla/5.0 (Linux; Android 6.0; Lenovo A7020a48 Build/MRA58K) AppleWebKit/537.36 (KHTML, like Gecko) Chrome/56.0.2924.87 Mobile Safari/537.36"
64.233.173.23 - - [24/Mar/2017:19:23:15 +0000] "GET /favicon.ico HTTP/1.1" 404 518 "http://www.appworkstechnologies.com/" "Mozilla/5.0 (Linux; Android 6.0; Lenovo A7020a48 Build/MRA58K) AppleWebKit/537.36 (KHTML, like Gecko) Chrome/56.0.2924.87 Mobile Safari/537.36"
63.143.42.245 - - [24/Mar/2017:19:26:24 +0000] "GET / HTTP/1.1" 403 458 "http://52.37.234.20" "Mozilla/5.0+(compatible; UptimeRobot/2.0; http://www.uptimerobot.com/)"
66.249.79.56 - - [24/Mar/2017:19:28:52 +0000] "GET /themes/css/styles.css HTTP/1.1" 404 524 "http://appworkstechnologies.com/where-we-headed/index.html" "Mozilla/5.0 (compatible; Googlebot/2.1; +http://www.google.com/bot.html)"
66.249.79.56 - - [24/Mar/2017:19:28:53 +0000] "GET /themes/css/framework.css HTTP/1.1" 404 526 "http://appworkstechnologies.com/where-we-headed/index.html" "Mozilla/5.0 (compatible; Googlebot/2.1; +http://www.google.com/bot.html)"
66.249.79.56 - - [24/Mar/2017:19:28:53 +0000] "GET /themes/js/jquery.cycle.min.js HTTP/1.1" 404 531 "http://appworkstechnologies.com/where-we-headed/index.html" "Mozilla/5.0 (compatible; Googlebot/2.1; +http://www.google.com/bot.html)"
66.249.79.56 - - [24/Mar/2017:19:28:54 +0000] "GET /themes/js/jquery.min.js HTTP/1.1" 404 525 "http://appworkstechnologies.com/where-we-headed/index.html" "Mozilla/5.0 (compatible; Googlebot/2.1; +http://www.google.com/bot.html)"
66.249.79.56 - - [24/Mar/2017:19:28:55 +0000] "GET /themes/js/main.js HTTP/1.1" 404 519 "http://appworkstechnologies.com/where-we-headed/index.html" "Mozilla/5.0 (compatible; Googlebot/2.1; +http://www.google.com/bot.html)"
66.249.79.56 - - [24/Mar/2017:19:28:55 +0000] "GET /themes/js/jquery.cookie.js HTTP/1.1" 404 528 "http://appworkstechnologies.com/where-we-headed/index.html" "Mozilla/5.0 (compatible; Googlebot/2.1; +http://www.google.com/bot.html)"
63.143.42.245 - - [24/Mar/2017:19:32:16 +0000] "GET / HTTP/1.1" 403 458 "http://52.37.234.20" "Mozilla/5.0+(compatible; UptimeRobot/2.0; http://www.uptimerobot.com/)"
223.186.105.19 - - [24/Mar/2017:19:32:41 +0000] "GET / HTTP/1.1" 403 507 "http://www.moneylife.in/article/in-digital-india-epfos-uan-portal-out-of-order-helpless-employees-left-in-the-lurch/50052.html" "Mozilla/5.0 (iPhone; CPU iPhone OS 10_2_1 like Mac OS X) AppleWebKit/602.1.50 (KHTML, like Gecko) CriOS/57.0.2987.100 Mobile/14D27 Safari/602.1"
223.186.105.19 - - [24/Mar/2017:19:32:42 +0000] "GET /favicon.ico HTTP/1.1" 404 514 "-" "Mozilla/5.0 (iPhone; CPU iPhone OS 10_2_1 like Mac OS X) AppleWebKit/602.1.50 (KHTML, like Gecko) CriOS/57.0.2987.100 Mobile/14D27 Safari/602.1"
223.186.105.19 - - [24/Mar/2017:19:32:55 +0000] "GET / HTTP/1.1" 403 507 "http://www.moneylife.in/article/in-digital-india-epfos-uan-portal-out-of-order-helpless-employees-left-in-the-lurch/50052.html" "Mozilla/5.0 (iPhone; CPU iPhone OS 10_2_1 like Mac OS X) AppleWebKit/602.1.50 (KHTML, like Gecko) CriOS/57.0.2987.100 Mobile/14D27 Safari/602.1"
223.186.105.19 - - [24/Mar/2017:19:33:12 +0000] "GET / HTTP/1.1" 403 507 "-" "WhatsApp/2.17.7/i"
63.143.42.245 - - [24/Mar/2017:19:33:16 +0000] "GET / HTTP/1.1" 403 458 "http://52.37.234.20" "Mozilla/5.0+(compatible; UptimeRobot/2.0; http://www.uptimerobot.com/)"
223.186.105.19 - - [24/Mar/2017:19:34:04 +0000] "GET / HTTP/1.1" 403 507 "-" "Mozilla/5.0 (iPhone; CPU iPhone OS 10_2_1 like Mac OS X) AppleWebKit/602.4.6 (KHTML, like Gecko) Version/10.0 Mobile/14D27 Safari/602.1"
63.143.42.245 - - [24/Mar/2017:19:34:16 +0000] "GET / HTTP/1.1" 403 458 "http://52.37.234.20" "Mozilla/5.0+(compatible; UptimeRobot/2.0; http://www.uptimerobot.com/)"
63.143.42.245 - - [24/Mar/2017:19:35:16 +0000] "GET / HTTP/1.1" 403 458 "http://52.37.234.20" "Mozilla/5.0+(compatible; UptimeRobot/2.0; http://www.uptimerobot.com/)"
63.143.42.245 - - [24/Mar/2017:19:36:16 +0000] "GET / HTTP/1.1" 403 458 "http://52.37.234.20" "Mozilla/5.0+(compatible; UptimeRobot/2.0; http://www.uptimerobot.com/)"
63.143.42.245 - - [24/Mar/2017:19:37:16 +0000] "GET / HTTP/1.1" 403 458 "http://52.37.234.20" "Mozilla/5.0+(compatible; UptimeRobot/2.0; http://www.uptimerobot.com/)"
66.249.79.90 - - [24/Mar/2017:19:38:08 +0000] "GET /robots.txt HTTP/1.1" 404 517 "-" "Mozilla/5.0 (compatible; Googlebot/2.1; +http://www.google.com/bot.html)"
66.249.79.94 - - [24/Mar/2017:19:38:08 +0000] "GET /image/icon01.png HTTP/1.1" 404 523 "-" "Googlebot-Image/1.0"
63.143.42.245 - - [24/Mar/2017:19:38:16 +0000] "GET / HTTP/1.1" 403 458 "http://52.37.234.20" "Mozilla/5.0+(compatible; UptimeRobot/2.0; http://www.uptimerobot.com/)"
63.143.42.245 - - [24/Mar/2017:19:39:16 +0000] "GET / HTTP/1.1" 403 458 "http://52.37.234.20" "Mozilla/5.0+(compatible; UptimeRobot/2.0; http://www.uptimerobot.com/)"
63.143.42.245 - - [24/Mar/2017:19:40:16 +0000] "GET / HTTP/1.1" 403 458 "http://52.37.234.20" "Mozilla/5.0+(compatible; UptimeRobot/2.0; http://www.uptimerobot.com/)"
63.143.42.245 - - [24/Mar/2017:19:41:16 +0000] "GET / HTTP/1.1" 403 458 "http://52.37.234.20" "Mozilla/5.0+(compatible; UptimeRobot/2.0; http://www.uptimerobot.com/)"
63.143.42.245 - - [24/Mar/2017:19:42:16 +0000] "GET / HTTP/1.1" 403 458 "http://52.37.234.20" "Mozilla/5.0+(compatible; UptimeRobot/2.0; http://www.uptimerobot.com/)"
63.143.42.245 - - [24/Mar/2017:19:43:16 +0000] "GET / HTTP/1.1" 403 458 "http://52.37.234.20" "Mozilla/5.0+(compatible; UptimeRobot/2.0; http://www.uptimerobot.com/)"
63.143.42.245 - - [24/Mar/2017:19:44:16 +0000] "GET / HTTP/1.1" 403 458 "http://52.37.234.20" "Mozilla/5.0+(compatible; UptimeRobot/2.0; http://www.uptimerobot.com/)"
63.143.42.245 - - [24/Mar/2017:19:45:16 +0000] "GET / HTTP/1.1" 403 458 "http://52.37.234.20" "Mozilla/5.0+(compatible; UptimeRobot/2.0; http://www.uptimerobot.com/)"
63.143.42.245 - - [24/Mar/2017:19:46:15 +0000] "GET / HTTP/1.1" 403 458 "http://52.37.234.20" "Mozilla/5.0+(compatible; UptimeRobot/2.0; http://www.uptimerobot.com/)"
63.143.42.245 - - [24/Mar/2017:19:47:16 +0000] "GET / HTTP/1.1" 403 458 "http://52.37.234.20" "Mozilla/5.0+(compatible; UptimeRobot/2.0; http://www.uptimerobot.com/)"
63.143.42.245 - - [24/Mar/2017:19:48:16 +0000] "GET / HTTP/1.1" 403 458 "http://52.37.234.20" "Mozilla/5.0+(compatible; UptimeRobot/2.0; http://www.uptimerobot.com/)"
63.143.42.245 - - [24/Mar/2017:19:49:16 +0000] "GET / HTTP/1.1" 403 458 "http://52.37.234.20" "Mozilla/5.0+(compatible; UptimeRobot/2.0; http://www.uptimerobot.com/)"
63.143.42.245 - - [24/Mar/2017:19:50:16 +0000] "GET / HTTP/1.1" 403 458 "http://52.37.234.20" "Mozilla/5.0+(compatible; UptimeRobot/2.0; http://www.uptimerobot.com/)"
63.143.42.245 - - [24/Mar/2017:19:51:16 +0000] "GET / HTTP/1.1" 403 458 "http://52.37.234.20" "Mozilla/5.0+(compatible; UptimeRobot/2.0; http://www.uptimerobot.com/)"
63.143.42.245 - - [24/Mar/2017:19:52:16 +0000] "GET / HTTP/1.1" 403 458 "http://52.37.234.20" "Mozilla/5.0+(compatible; UptimeRobot/2.0; http://www.uptimerobot.com/)"
106.222.164.242 - - [24/Mar/2017:19:53:05 +0000] "GET / HTTP/1.1" 403 511 "https://www.google.co.in/" "Mozilla/5.0 (iPhone; CPU iPhone OS 10_2_1 like Mac OS X) AppleWebKit/602.1.50 (KHTML, like Gecko) CriOS/57.0.2987.100 Mobile/14D27 Safari/602.1"
106.222.164.242 - - [24/Mar/2017:19:53:06 +0000] "GET /favicon.ico HTTP/1.1" 404 518 "-" "Mozilla/5.0 (iPhone; CPU iPhone OS 10_2_1 like Mac OS X) AppleWebKit/602.1.50 (KHTML, like Gecko) CriOS/57.0.2987.100 Mobile/14D27 Safari/602.1"
63.143.42.245 - - [24/Mar/2017:19:53:16 +0000] "GET / HTTP/1.1" 403 458 "http://52.37.234.20" "Mozilla/5.0+(compatible; UptimeRobot/2.0; http://www.uptimerobot.com/)"
63.143.42.245 - - [24/Mar/2017:19:54:16 +0000] "GET / HTTP/1.1" 403 458 "http://52.37.234.20" "Mozilla/5.0+(compatible; UptimeRobot/2.0; http://www.uptimerobot.com/)"
63.143.42.245 - - [24/Mar/2017:19:55:16 +0000] "GET / HTTP/1.1" 403 458 "http://52.37.234.20" "Mozilla/5.0+(compatible; UptimeRobot/2.0; http://www.uptimerobot.com/)"
63.143.42.245 - - [24/Mar/2017:19:56:16 +0000] "GET / HTTP/1.1" 403 458 "http://52.37.234.20" "Mozilla/5.0+(compatible; UptimeRobot/2.0; http://www.uptimerobot.com/)"
63.143.42.245 - - [24/Mar/2017:19:57:16 +0000] "GET / HTTP/1.1" 403 458 "http://52.37.234.20" "Mozilla/5.0+(compatible; UptimeRobot/2.0; http://www.uptimerobot.com/)"
104.154.58.95 - - [24/Mar/2017:19:57:46 +0000] "GET /robots.txt HTTP/1.1" 404 480 "-" "ltx71 - (http://ltx71.com/)"
104.154.58.95 - - [24/Mar/2017:19:58:13 +0000] "GET / HTTP/1.1" 403 474 "-" "ltx71 - (http://ltx71.com/)"
63.143.42.245 - - [24/Mar/2017:19:58:16 +0000] "GET / HTTP/1.1" 403 458 "http://52.37.234.20" "Mozilla/5.0+(compatible; UptimeRobot/2.0; http://www.uptimerobot.com/)"
207.241.226.231 - - [24/Mar/2017:19:58:39 +0000] "GET / HTTP/1.1" 403 474 "-" "Mozilla/5.0 (compatible; archive.org_bot; Wayback Machine Live Record; +http://archive.org/details/archive.org_bot)"
63.143.42.245 - - [24/Mar/2017:19:59:16 +0000] "GET / HTTP/1.1" 403 458 "http://52.37.234.20" "Mozilla/5.0+(compatible; UptimeRobot/2.0; http://www.uptimerobot.com/)"
64.233.173.24 - - [24/Mar/2017:20:00:12 +0000] "GET /css/home.css HTTP/1.1" 404 519 "https://www.google.co.in/search?client=ms-android-samsung&ei=b3rVWIrPE4iGvQTHjoZg&q=appworks+technologies&oq=appworks&gs_l=mobile-gws-serp.1.0.0i71k1l5.0.0.0.67715.1.1.0.0.0.0.0.0..0.0....0...1c..64.mobile-gws-serp..1.0.0.RU2jZtlg8p0" "Mozilla/5.0 (Linux; Android 6.0.1; SM-J500H Build/MMB29M) AppleWebKit/537.36 (KHTML, like Gecko) Chrome/56.0.2924.87 Mobile Safari/537.36"
64.233.173.22 - - [24/Mar/2017:20:00:12 +0000] "GET /vendor/rs-plugin/css/settings.css HTTP/1.1" 404 540 "https://www.google.co.in/search?client=ms-android-samsung&ei=b3rVWIrPE4iGvQTHjoZg&q=appworks+technologies&oq=appworks&gs_l=mobile-gws-serp.1.0.0i71k1l5.0.0.0.67715.1.1.0.0.0.0.0.0..0.0....0...1c..64.mobile-gws-serp..1.0.0.RU2jZtlg8p0" "Mozilla/5.0 (Linux; Android 6.0.1; SM-J500H Build/MMB29M) AppleWebKit/537.36 (KHTML, like Gecko) Chrome/56.0.2924.87 Mobile Safari/537.36"
64.233.173.24 - - [24/Mar/2017:20:00:12 +0000] "GET / HTTP/1.1" 403 511 "https://www.google.co.in/" "Mozilla/5.0 (Linux; Android 6.0.1; SM-J500H Build/MMB29M) AppleWebKit/537.36 (KHTML, like Gecko) Chrome/56.0.2924.87 Mobile Safari/537.36"
182.77.9.135 - - [24/Mar/2017:20:00:13 +0000] "GET / HTTP/1.1" 403 511 "https://www.google.co.in/" "Mozilla/5.0 (Linux; Android 6.0.1; SM-J500H Build/MMB29M) AppleWebKit/537.36 (KHTML, like Gecko) Chrome/56.0.2924.87 Mobile Safari/537.36"
64.233.173.23 - - [24/Mar/2017:20:00:14 +0000] "GET /favicon.ico HTTP/1.1" 404 518 "http://www.appworkstechnologies.com/" "Mozilla/5.0 (Linux; Android 6.0.1; SM-J500H Build/MMB29M) AppleWebKit/537.36 (KHTML, like Gecko) Chrome/56.0.2924.87 Mobile Safari/537.36"
63.143.42.245 - - [24/Mar/2017:20:00:16 +0000] "GET / HTTP/1.1" 403 458 "http://52.37.234.20" "Mozilla/5.0+(compatible; UptimeRobot/2.0; http://www.uptimerobot.com/)"
::1 - - [24/Mar/2017:20:00:20 +0000] "OPTIONS * HTTP/1.0" 200 125 "-" "Apache/2.4.7 (Ubuntu) PHP/5.5.9-1ubuntu4.20 (internal dummy connection)"
63.143.42.245 - - [24/Mar/2017:20:01:16 +0000] "GET / HTTP/1.1" 403 458 "http://52.37.234.20" "Mozilla/5.0+(compatible; UptimeRobot/2.0; http://www.uptimerobot.com/)"
64.233.173.24 - - [24/Mar/2017:20:01:27 +0000] "GET /vendor/rs-plugin/css/settings.css HTTP/1.1" 404 540 "https://www.google.co.in/search?client=ms-android-samsung&ei=yHrVWNDXIYThvgSBkZKoCQ&q=appworks+gurgaon&oq=appworks+technologies&gs_l=mobile-gws-serp.1.0.0i71k1l5.0.0.0.7303.1.1.0.0.0.0.0.0..0.0....0...1c..64.mobile-gws-serp..1.0.0.KY0VYnB3sDw" "Mozilla/5.0 (Linux; Android 6.0.1; SM-J500H Build/MMB29M) AppleWebKit/537.36 (KHTML, like Gecko) Chrome/56.0.2924.87 Mobile Safari/537.36"
64.233.173.24 - - [24/Mar/2017:20:01:27 +0000] "GET /css/home.css HTTP/1.1" 404 519 "https://www.google.co.in/search?client=ms-android-samsung&ei=yHrVWNDXIYThvgSBkZKoCQ&q=appworks+gurgaon&oq=appworks+technologies&gs_l=mobile-gws-serp.1.0.0i71k1l5.0.0.0.7303.1.1.0.0.0.0.0.0..0.0....0...1c..64.mobile-gws-serp..1.0.0.KY0VYnB3sDw" "Mozilla/5.0 (Linux; Android 6.0.1; SM-J500H Build/MMB29M) AppleWebKit/537.36 (KHTML, like Gecko) Chrome/56.0.2924.87 Mobile Safari/537.36"
64.233.173.24 - - [24/Mar/2017:20:01:27 +0000] "GET / HTTP/1.1" 403 511 "https://www.google.co.in/" "Mozilla/5.0 (Linux; Android 6.0.1; SM-J500H Build/MMB29M) AppleWebKit/537.36 (KHTML, like Gecko) Chrome/56.0.2924.87 Mobile Safari/537.36"
182.77.9.135 - - [24/Mar/2017:20:01:28 +0000] "GET / HTTP/1.1" 403 511 "https://www.google.co.in/" "Mozilla/5.0 (Linux; Android 6.0.1; SM-J500H Build/MMB29M) AppleWebKit/537.36 (KHTML, like Gecko) Chrome/56.0.2924.87 Mobile Safari/537.36"
64.233.173.23 - - [24/Mar/2017:20:02:00 +0000] "GET / HTTP/1.1" 403 511 "https://inc42.com/" "Mozilla/5.0 (Linux; Android 6.0.1; SM-J500H Build/MMB29M) AppleWebKit/537.36 (KHTML, like Gecko) Chrome/56.0.2924.87 Mobile Safari/537.36"
182.77.9.135 - - [24/Mar/2017:20:02:00 +0000] "GET / HTTP/1.1" 403 511 "https://inc42.com/" "Mozilla/5.0 (Linux; Android 6.0.1; SM-J500H Build/MMB29M) AppleWebKit/537.36 (KHTML, like Gecko) Chrome/56.0.2924.87 Mobile Safari/537.36"
63.143.42.245 - - [24/Mar/2017:20:02:16 +0000] "GET / HTTP/1.1" 403 458 "http://52.37.234.20" "Mozilla/5.0+(compatible; UptimeRobot/2.0; http://www.uptimerobot.com/)"
64.233.173.23 - - [24/Mar/2017:20:03:01 +0000] "GET / HTTP/1.1" 403 511 "-" "Mozilla/5.0 (Linux; Android 6.0.1; Redmi 3S Build/MMB29M) AppleWebKit/537.36 (KHTML, like Gecko) Chrome/56.0.2924.87 Mobile Safari/537.36"
49.33.201.85 - - [24/Mar/2017:20:03:03 +0000] "GET / HTTP/1.1" 403 511 "-" "Mozilla/5.0 (Linux; Android 6.0.1; Redmi 3S Build/MMB29M) AppleWebKit/537.36 (KHTML, like Gecko) Chrome/56.0.2924.87 Mobile Safari/537.36"
64.233.173.23 - - [24/Mar/2017:20:03:03 +0000] "GET /favicon.ico HTTP/1.1" 404 517 "http://www.appworkstechnologies.com/" "Mozilla/5.0 (Linux; Android 6.0.1; Redmi 3S Build/MMB29M) AppleWebKit/537.36 (KHTML, like Gecko) Chrome/56.0.2924.87 Mobile Safari/537.36"
63.143.42.245 - - [24/Mar/2017:20:03:16 +0000] "GET / HTTP/1.1" 403 458 "http://52.37.234.20" "Mozilla/5.0+(compatible; UptimeRobot/2.0; http://www.uptimerobot.com/)"
63.143.42.245 - - [24/Mar/2017:20:04:16 +0000] "GET / HTTP/1.1" 403 458 "http://52.37.234.20" "Mozilla/5.0+(compatible; UptimeRobot/2.0; http://www.uptimerobot.com/)"
63.143.42.245 - - [24/Mar/2017:20:05:16 +0000] "GET / HTTP/1.1" 403 458 "http://52.37.234.20" "Mozilla/5.0+(compatible; UptimeRobot/2.0; http://www.uptimerobot.com/)"
63.143.42.245 - - [24/Mar/2017:20:06:16 +0000] "GET / HTTP/1.1" 403 458 "http://52.37.234.20" "Mozilla/5.0+(compatible; UptimeRobot/2.0; http://www.uptimerobot.com/)"
63.143.42.245 - - [24/Mar/2017:20:07:16 +0000] "GET / HTTP/1.1" 403 458 "http://52.37.234.20" "Mozilla/5.0+(compatible; UptimeRobot/2.0; http://www.uptimerobot.com/)"
63.143.42.245 - - [24/Mar/2017:20:08:16 +0000] "GET / HTTP/1.1" 403 458 "http://52.37.234.20" "Mozilla/5.0+(compatible; UptimeRobot/2.0; http://www.uptimerobot.com/)"
63.143.42.245 - - [24/Mar/2017:20:09:16 +0000] "GET / HTTP/1.1" 403 458 "http://52.37.234.20" "Mozilla/5.0+(compatible; UptimeRobot/2.0; http://www.uptimerobot.com/)"
63.143.42.245 - - [24/Mar/2017:20:10:16 +0000] "GET / HTTP/1.1" 403 458 "http://52.37.234.20" "Mozilla/5.0+(compatible; UptimeRobot/2.0; http://www.uptimerobot.com/)"
63.143.42.245 - - [24/Mar/2017:20:11:16 +0000] "GET / HTTP/1.1" 403 458 "http://52.37.234.20" "Mozilla/5.0+(compatible; UptimeRobot/2.0; http://www.uptimerobot.com/)"
63.143.42.245 - - [24/Mar/2017:20:12:16 +0000] "GET / HTTP/1.1" 403 458 "http://52.37.234.20" "Mozilla/5.0+(compatible; UptimeRobot/2.0; http://www.uptimerobot.com/)"
63.143.42.245 - - [24/Mar/2017:20:13:16 +0000] "GET / HTTP/1.1" 403 458 "http://52.37.234.20" "Mozilla/5.0+(compatible; UptimeRobot/2.0; http://www.uptimerobot.com/)"
63.143.42.245 - - [24/Mar/2017:20:14:16 +0000] "GET / HTTP/1.1" 403 458 "http://52.37.234.20" "Mozilla/5.0+(compatible; UptimeRobot/2.0; http://www.uptimerobot.com/)"
66.249.79.143 - - [24/Mar/2017:20:15:00 +0000] "GET /appworks/education/ HTTP/1.1" 404 526 "-" "Mozilla/5.0 (compatible; Googlebot/2.1; +http://www.google.com/bot.html)"
63.143.42.245 - - [24/Mar/2017:20:15:16 +0000] "GET / HTTP/1.1" 403 458 "http://52.37.234.20" "Mozilla/5.0+(compatible; UptimeRobot/2.0; http://www.uptimerobot.com/)"
63.143.42.245 - - [24/Mar/2017:20:16:16 +0000] "GET / HTTP/1.1" 403 458 "http://52.37.234.20" "Mozilla/5.0+(compatible; UptimeRobot/2.0; http://www.uptimerobot.com/)"
63.143.42.245 - - [24/Mar/2017:20:17:16 +0000] "GET / HTTP/1.1" 403 458 "http://52.37.234.20" "Mozilla/5.0+(compatible; UptimeRobot/2.0; http://www.uptimerobot.com/)"
63.143.42.245 - - [24/Mar/2017:20:18:16 +0000] "GET / HTTP/1.1" 403 458 "http://52.37.234.20" "Mozilla/5.0+(compatible; UptimeRobot/2.0; http://www.uptimerobot.com/)"
63.143.42.245 - - [24/Mar/2017:20:19:16 +0000] "GET / HTTP/1.1" 403 458 "http://52.37.234.20" "Mozilla/5.0+(compatible; UptimeRobot/2.0; http://www.uptimerobot.com/)"
63.143.42.245 - - [24/Mar/2017:20:20:16 +0000] "GET / HTTP/1.1" 403 458 "http://52.37.234.20" "Mozilla/5.0+(compatible; UptimeRobot/2.0; http://www.uptimerobot.com/)"
63.143.42.245 - - [24/Mar/2017:20:21:16 +0000] "GET / HTTP/1.1" 403 458 "http://52.37.234.20" "Mozilla/5.0+(compatible; UptimeRobot/2.0; http://www.uptimerobot.com/)"
63.143.42.245 - - [24/Mar/2017:20:22:16 +0000] "GET / HTTP/1.1" 403 458 "http://52.37.234.20" "Mozilla/5.0+(compatible; UptimeRobot/2.0; http://www.uptimerobot.com/)"
63.143.42.245 - - [24/Mar/2017:20:23:16 +0000] "GET / HTTP/1.1" 403 458 "http://52.37.234.20" "Mozilla/5.0+(compatible; UptimeRobot/2.0; http://www.uptimerobot.com/)"
63.143.42.245 - - [24/Mar/2017:20:24:16 +0000] "GET / HTTP/1.1" 403 458 "http://52.37.234.20" "Mozilla/5.0+(compatible; UptimeRobot/2.0; http://www.uptimerobot.com/)"
63.143.42.245 - - [24/Mar/2017:20:25:16 +0000] "GET / HTTP/1.1" 403 458 "http://52.37.234.20" "Mozilla/5.0+(compatible; UptimeRobot/2.0; http://www.uptimerobot.com/)"
63.143.42.245 - - [24/Mar/2017:20:26:16 +0000] "GET / HTTP/1.1" 403 458 "http://52.37.234.20" "Mozilla/5.0+(compatible; UptimeRobot/2.0; http://www.uptimerobot.com/)"
63.143.42.245 - - [24/Mar/2017:20:27:16 +0000] "GET / HTTP/1.1" 403 458 "http://52.37.234.20" "Mozilla/5.0+(compatible; UptimeRobot/2.0; http://www.uptimerobot.com/)"
63.143.42.245 - - [24/Mar/2017:20:28:16 +0000] "GET / HTTP/1.1" 403 458 "http://52.37.234.20" "Mozilla/5.0+(compatible; UptimeRobot/2.0; http://www.uptimerobot.com/)"
63.143.42.245 - - [24/Mar/2017:20:29:16 +0000] "GET / HTTP/1.1" 403 458 "http://52.37.234.20" "Mozilla/5.0+(compatible; UptimeRobot/2.0; http://www.uptimerobot.com/)"
63.143.42.245 - - [24/Mar/2017:20:30:16 +0000] "GET / HTTP/1.1" 403 458 "http://52.37.234.20" "Mozilla/5.0+(compatible; UptimeRobot/2.0; http://www.uptimerobot.com/)"
63.143.42.245 - - [24/Mar/2017:20:31:16 +0000] "GET / HTTP/1.1" 403 458 "http://52.37.234.20" "Mozilla/5.0+(compatible; UptimeRobot/2.0; http://www.uptimerobot.com/)"
63.143.42.245 - - [24/Mar/2017:20:32:16 +0000] "GET / HTTP/1.1" 403 458 "http://52.37.234.20" "Mozilla/5.0+(compatible; UptimeRobot/2.0; http://www.uptimerobot.com/)"
63.143.42.245 - - [24/Mar/2017:20:33:16 +0000] "GET / HTTP/1.1" 403 458 "http://52.37.234.20" "Mozilla/5.0+(compatible; UptimeRobot/2.0; http://www.uptimerobot.com/)"
63.143.42.245 - - [24/Mar/2017:20:34:16 +0000] "GET / HTTP/1.1" 403 458 "http://52.37.234.20" "Mozilla/5.0+(compatible; UptimeRobot/2.0; http://www.uptimerobot.com/)"
63.143.42.245 - - [24/Mar/2017:20:35:16 +0000] "GET / HTTP/1.1" 403 458 "http://52.37.234.20" "Mozilla/5.0+(compatible; UptimeRobot/2.0; http://www.uptimerobot.com/)"
66.102.6.156 - - [24/Mar/2017:20:36:05 +0000] "GET / HTTP/1.1" 403 495 "-" "Mozilla/5.0 (X11; Linux x86_64) AppleWebKit/537.36 (KHTML, like Gecko) Chrome/49.0.2623.75 Safari/537.36 Google Favicon"
63.143.42.245 - - [24/Mar/2017:20:36:16 +0000] "GET / HTTP/1.1" 403 458 "http://52.37.234.20" "Mozilla/5.0+(compatible; UptimeRobot/2.0; http://www.uptimerobot.com/)"
66.249.79.151 - - [24/Mar/2017:20:36:50 +0000] "GET /appworks/solution/Loyalty-programs.html HTTP/1.1" 404 546 "-" "Mozilla/5.0 (compatible; Googlebot/2.1; +http://www.google.com/bot.html)"
63.143.42.245 - - [24/Mar/2017:20:37:16 +0000] "GET / HTTP/1.1" 403 458 "http://52.37.234.20" "Mozilla/5.0+(compatible; UptimeRobot/2.0; http://www.uptimerobot.com/)"
63.143.42.245 - - [24/Mar/2017:20:38:16 +0000] "GET / HTTP/1.1" 403 458 "http://52.37.234.20" "Mozilla/5.0+(compatible; UptimeRobot/2.0; http://www.uptimerobot.com/)"
63.143.42.245 - - [24/Mar/2017:20:39:16 +0000] "GET / HTTP/1.1" 403 458 "http://52.37.234.20" "Mozilla/5.0+(compatible; UptimeRobot/2.0; http://www.uptimerobot.com/)"
63.143.42.245 - - [24/Mar/2017:20:40:16 +0000] "GET / HTTP/1.1" 403 458 "http://52.37.234.20" "Mozilla/5.0+(compatible; UptimeRobot/2.0; http://www.uptimerobot.com/)"
63.143.42.245 - - [24/Mar/2017:20:41:16 +0000] "GET / HTTP/1.1" 403 458 "http://52.37.234.20" "Mozilla/5.0+(compatible; UptimeRobot/2.0; http://www.uptimerobot.com/)"
63.143.42.245 - - [24/Mar/2017:20:42:16 +0000] "GET / HTTP/1.1" 403 458 "http://52.37.234.20" "Mozilla/5.0+(compatible; UptimeRobot/2.0; http://www.uptimerobot.com/)"
63.143.42.245 - - [24/Mar/2017:20:43:16 +0000] "GET / HTTP/1.1" 403 458 "http://52.37.234.20" "Mozilla/5.0+(compatible; UptimeRobot/2.0; http://www.uptimerobot.com/)"
63.143.42.245 - - [24/Mar/2017:20:44:16 +0000] "GET / HTTP/1.1" 403 458 "http://52.37.234.20" "Mozilla/5.0+(compatible; UptimeRobot/2.0; http://www.uptimerobot.com/)"
63.143.42.245 - - [24/Mar/2017:20:45:16 +0000] "GET / HTTP/1.1" 403 458 "http://52.37.234.20" "Mozilla/5.0+(compatible; UptimeRobot/2.0; http://www.uptimerobot.com/)"
63.143.42.245 - - [24/Mar/2017:20:46:16 +0000] "GET / HTTP/1.1" 403 458 "http://52.37.234.20" "Mozilla/5.0+(compatible; UptimeRobot/2.0; http://www.uptimerobot.com/)"
63.143.42.245 - - [24/Mar/2017:20:47:16 +0000] "GET / HTTP/1.1" 403 458 "http://52.37.234.20" "Mozilla/5.0+(compatible; UptimeRobot/2.0; http://www.uptimerobot.com/)"
63.143.42.245 - - [24/Mar/2017:20:48:16 +0000] "GET / HTTP/1.1" 403 458 "http://52.37.234.20" "Mozilla/5.0+(compatible; UptimeRobot/2.0; http://www.uptimerobot.com/)"
174.61.107.106 - - [24/Mar/2017:20:48:48 +0000] "GET / HTTP/1.1" 403 511 "https://inc42.com/" "Mozilla/5.0 (Windows NT 10.0; WOW64; Trident/7.0; rv:11.0) like Gecko"
63.143.42.245 - - [24/Mar/2017:20:49:16 +0000] "GET / HTTP/1.1" 403 458 "http://52.37.234.20" "Mozilla/5.0+(compatible; UptimeRobot/2.0; http://www.uptimerobot.com/)"
63.143.42.245 - - [24/Mar/2017:20:50:16 +0000] "GET / HTTP/1.1" 403 458 "http://52.37.234.20" "Mozilla/5.0+(compatible; UptimeRobot/2.0; http://www.uptimerobot.com/)"
63.143.42.245 - - [24/Mar/2017:20:51:16 +0000] "GET / HTTP/1.1" 403 458 "http://52.37.234.20" "Mozilla/5.0+(compatible; UptimeRobot/2.0; http://www.uptimerobot.com/)"
63.143.42.245 - - [24/Mar/2017:20:52:16 +0000] "GET / HTTP/1.1" 403 458 "http://52.37.234.20" "Mozilla/5.0+(compatible; UptimeRobot/2.0; http://www.uptimerobot.com/)"
63.143.42.245 - - [24/Mar/2017:20:53:16 +0000] "GET / HTTP/1.1" 403 458 "http://52.37.234.20" "Mozilla/5.0+(compatible; UptimeRobot/2.0; http://www.uptimerobot.com/)"
63.143.42.245 - - [24/Mar/2017:20:54:16 +0000] "GET / HTTP/1.1" 403 458 "http://52.37.234.20" "Mozilla/5.0+(compatible; UptimeRobot/2.0; http://www.uptimerobot.com/)"
63.143.42.245 - - [24/Mar/2017:20:55:16 +0000] "GET / HTTP/1.1" 403 458 "http://52.37.234.20" "Mozilla/5.0+(compatible; UptimeRobot/2.0; http://www.uptimerobot.com/)"
63.143.42.245 - - [24/Mar/2017:20:56:16 +0000] "GET / HTTP/1.1" 403 458 "http://52.37.234.20" "Mozilla/5.0+(compatible; UptimeRobot/2.0; http://www.uptimerobot.com/)"
63.143.42.245 - - [24/Mar/2017:20:57:16 +0000] "GET / HTTP/1.1" 403 458 "http://52.37.234.20" "Mozilla/5.0+(compatible; UptimeRobot/2.0; http://www.uptimerobot.com/)"
63.143.42.245 - - [24/Mar/2017:20:58:16 +0000] "GET / HTTP/1.1" 403 458 "http://52.37.234.20" "Mozilla/5.0+(compatible; UptimeRobot/2.0; http://www.uptimerobot.com/)"
63.143.42.245 - - [24/Mar/2017:20:59:16 +0000] "GET / HTTP/1.1" 403 458 "http://52.37.234.20" "Mozilla/5.0+(compatible; UptimeRobot/2.0; http://www.uptimerobot.com/)"
63.143.42.245 - - [24/Mar/2017:21:00:16 +0000] "GET / HTTP/1.1" 403 458 "http://52.37.234.20" "Mozilla/5.0+(compatible; UptimeRobot/2.0; http://www.uptimerobot.com/)"
63.143.42.245 - - [24/Mar/2017:21:01:16 +0000] "GET / HTTP/1.1" 403 458 "http://52.37.234.20" "Mozilla/5.0+(compatible; UptimeRobot/2.0; http://www.uptimerobot.com/)"
63.143.42.245 - - [24/Mar/2017:21:02:16 +0000] "GET / HTTP/1.1" 403 458 "http://52.37.234.20" "Mozilla/5.0+(compatible; UptimeRobot/2.0; http://www.uptimerobot.com/)"
63.143.42.245 - - [24/Mar/2017:21:03:16 +0000] "GET / HTTP/1.1" 403 458 "http://52.37.234.20" "Mozilla/5.0+(compatible; UptimeRobot/2.0; http://www.uptimerobot.com/)"
63.143.42.245 - - [24/Mar/2017:21:04:16 +0000] "GET / HTTP/1.1" 403 458 "http://52.37.234.20" "Mozilla/5.0+(compatible; UptimeRobot/2.0; http://www.uptimerobot.com/)"
63.143.42.245 - - [24/Mar/2017:21:05:16 +0000] "GET / HTTP/1.1" 403 458 "http://52.37.234.20" "Mozilla/5.0+(compatible; UptimeRobot/2.0; http://www.uptimerobot.com/)"
63.143.42.245 - - [24/Mar/2017:21:06:16 +0000] "GET / HTTP/1.1" 403 458 "http://52.37.234.20" "Mozilla/5.0+(compatible; UptimeRobot/2.0; http://www.uptimerobot.com/)"
49.34.129.63 - - [24/Mar/2017:21:06:39 +0000] "GET / HTTP/1.1" 403 511 "-" "Mozilla/5.0 (Linux; Android 6.0.1; Redmi Note 3 Build/MMB29M) AppleWebKit/537.36 (KHTML, like Gecko) Chrome/56.0.2924.87 Mobile Safari/537.36"
49.34.129.63 - - [24/Mar/2017:21:06:39 +0000] "GET /favicon.ico HTTP/1.1" 404 517 "http://www.appworkstechnologies.com/" "Mozilla/5.0 (Linux; Android 6.0.1; Redmi Note 3 Build/MMB29M) AppleWebKit/537.36 (KHTML, like Gecko) Chrome/56.0.2924.87 Mobile Safari/537.36"
63.143.42.245 - - [24/Mar/2017:21:07:16 +0000] "GET / HTTP/1.1" 403 458 "http://52.37.234.20" "Mozilla/5.0+(compatible; UptimeRobot/2.0; http://www.uptimerobot.com/)"
63.143.42.245 - - [24/Mar/2017:21:08:16 +0000] "GET / HTTP/1.1" 403 458 "http://52.37.234.20" "Mozilla/5.0+(compatible; UptimeRobot/2.0; http://www.uptimerobot.com/)"
63.143.42.245 - - [24/Mar/2017:21:09:16 +0000] "GET / HTTP/1.1" 403 458 "http://52.37.234.20" "Mozilla/5.0+(compatible; UptimeRobot/2.0; http://www.uptimerobot.com/)"
66.249.79.147 - - [24/Mar/2017:21:09:40 +0000] "GET /appworks/e-commerce/ HTTP/1.1" 404 527 "-" "Mozilla/5.0 (compatible; Googlebot/2.1; +http://www.google.com/bot.html)"
63.143.42.245 - - [24/Mar/2017:21:10:16 +0000] "GET / HTTP/1.1" 403 458 "http://52.37.234.20" "Mozilla/5.0+(compatible; UptimeRobot/2.0; http://www.uptimerobot.com/)"
49.34.4.134 - - [24/Mar/2017:21:10:50 +0000] "GET / HTTP/1.1" 403 511 "-" "Mozilla/5.0 (Linux; Android 5.1.1; Z1 Build/LMY49H) AppleWebKit/537.36 (KHTML, like Gecko) Chrome/52.0.2743.98 Mobile Safari/537.36"
49.34.4.134 - - [24/Mar/2017:21:10:51 +0000] "GET /favicon.ico HTTP/1.1" 404 517 "http://www.appworkstechnologies.com/" "Mozilla/5.0 (Linux; Android 5.1.1; Z1 Build/LMY49H) AppleWebKit/537.36 (KHTML, like Gecko) Chrome/52.0.2743.98 Mobile Safari/537.36"
63.143.42.245 - - [24/Mar/2017:21:11:16 +0000] "GET / HTTP/1.1" 403 458 "http://52.37.234.20" "Mozilla/5.0+(compatible; UptimeRobot/2.0; http://www.uptimerobot.com/)"
63.143.42.245 - - [24/Mar/2017:21:12:16 +0000] "GET / HTTP/1.1" 403 458 "http://52.37.234.20" "Mozilla/5.0+(compatible; UptimeRobot/2.0; http://www.uptimerobot.com/)"
63.143.42.245 - - [24/Mar/2017:21:13:16 +0000] "GET / HTTP/1.1" 403 458 "http://52.37.234.20" "Mozilla/5.0+(compatible; UptimeRobot/2.0; http://www.uptimerobot.com/)"
63.143.42.245 - - [24/Mar/2017:21:14:16 +0000] "GET / HTTP/1.1" 403 458 "http://52.37.234.20" "Mozilla/5.0+(compatible; UptimeRobot/2.0; http://www.uptimerobot.com/)"
63.143.42.245 - - [24/Mar/2017:21:15:16 +0000] "GET / HTTP/1.1" 403 458 "http://52.37.234.20" "Mozilla/5.0+(compatible; UptimeRobot/2.0; http://www.uptimerobot.com/)"
63.143.42.245 - - [24/Mar/2017:21:16:16 +0000] "GET / HTTP/1.1" 403 458 "http://52.37.234.20" "Mozilla/5.0+(compatible; UptimeRobot/2.0; http://www.uptimerobot.com/)"
63.143.42.245 - - [24/Mar/2017:21:17:16 +0000] "GET / HTTP/1.1" 403 458 "http://52.37.234.20" "Mozilla/5.0+(compatible; UptimeRobot/2.0; http://www.uptimerobot.com/)"
63.143.42.245 - - [24/Mar/2017:21:18:16 +0000] "GET / HTTP/1.1" 403 458 "http://52.37.234.20" "Mozilla/5.0+(compatible; UptimeRobot/2.0; http://www.uptimerobot.com/)"
63.143.42.245 - - [24/Mar/2017:21:19:16 +0000] "GET / HTTP/1.1" 403 458 "http://52.37.234.20" "Mozilla/5.0+(compatible; UptimeRobot/2.0; http://www.uptimerobot.com/)"
185.110.132.231 - - [24/Mar/2017:21:19:50 +0000] "GET / HTTP/1.1" 403 458 "-" "Scanbot"
63.143.42.245 - - [24/Mar/2017:21:20:16 +0000] "GET / HTTP/1.1" 403 458 "http://52.37.234.20" "Mozilla/5.0+(compatible; UptimeRobot/2.0; http://www.uptimerobot.com/)"
63.143.42.245 - - [24/Mar/2017:21:21:16 +0000] "GET / HTTP/1.1" 403 458 "http://52.37.234.20" "Mozilla/5.0+(compatible; UptimeRobot/2.0; http://www.uptimerobot.com/)"
63.143.42.245 - - [24/Mar/2017:21:22:16 +0000] "GET / HTTP/1.1" 403 458 "http://52.37.234.20" "Mozilla/5.0+(compatible; UptimeRobot/2.0; http://www.uptimerobot.com/)"
63.143.42.245 - - [24/Mar/2017:21:23:16 +0000] "GET / HTTP/1.1" 403 458 "http://52.37.234.20" "Mozilla/5.0+(compatible; UptimeRobot/2.0; http://www.uptimerobot.com/)"
63.143.42.245 - - [24/Mar/2017:21:24:16 +0000] "GET / HTTP/1.1" 403 458 "http://52.37.234.20" "Mozilla/5.0+(compatible; UptimeRobot/2.0; http://www.uptimerobot.com/)"
63.143.42.245 - - [24/Mar/2017:21:25:16 +0000] "GET / HTTP/1.1" 403 458 "http://52.37.234.20" "Mozilla/5.0+(compatible; UptimeRobot/2.0; http://www.uptimerobot.com/)"
63.143.42.245 - - [24/Mar/2017:21:26:16 +0000] "GET / HTTP/1.1" 403 458 "http://52.37.234.20" "Mozilla/5.0+(compatible; UptimeRobot/2.0; http://www.uptimerobot.com/)"
63.143.42.245 - - [24/Mar/2017:21:27:16 +0000] "GET / HTTP/1.1" 403 458 "http://52.37.234.20" "Mozilla/5.0+(compatible; UptimeRobot/2.0; http://www.uptimerobot.com/)"
63.143.42.245 - - [24/Mar/2017:21:28:16 +0000] "GET / HTTP/1.1" 403 458 "http://52.37.234.20" "Mozilla/5.0+(compatible; UptimeRobot/2.0; http://www.uptimerobot.com/)"
63.143.42.245 - - [24/Mar/2017:21:29:16 +0000] "GET / HTTP/1.1" 403 458 "http://52.37.234.20" "Mozilla/5.0+(compatible; UptimeRobot/2.0; http://www.uptimerobot.com/)"
63.143.42.245 - - [24/Mar/2017:21:30:16 +0000] "GET / HTTP/1.1" 403 458 "http://52.37.234.20" "Mozilla/5.0+(compatible; UptimeRobot/2.0; http://www.uptimerobot.com/)"
63.143.42.245 - - [24/Mar/2017:21:31:16 +0000] "GET / HTTP/1.1" 403 458 "http://52.37.234.20" "Mozilla/5.0+(compatible; UptimeRobot/2.0; http://www.uptimerobot.com/)"
63.143.42.245 - - [24/Mar/2017:21:32:16 +0000] "GET / HTTP/1.1" 403 458 "http://52.37.234.20" "Mozilla/5.0+(compatible; UptimeRobot/2.0; http://www.uptimerobot.com/)"
63.143.42.245 - - [24/Mar/2017:21:33:16 +0000] "GET / HTTP/1.1" 403 458 "http://52.37.234.20" "Mozilla/5.0+(compatible; UptimeRobot/2.0; http://www.uptimerobot.com/)"
63.143.42.245 - - [24/Mar/2017:21:34:16 +0000] "GET / HTTP/1.1" 403 458 "http://52.37.234.20" "Mozilla/5.0+(compatible; UptimeRobot/2.0; http://www.uptimerobot.com/)"
63.143.42.245 - - [24/Mar/2017:21:35:16 +0000] "GET / HTTP/1.1" 403 458 "http://52.37.234.20" "Mozilla/5.0+(compatible; UptimeRobot/2.0; http://www.uptimerobot.com/)"
63.143.42.245 - - [24/Mar/2017:21:36:16 +0000] "GET / HTTP/1.1" 403 458 "http://52.37.234.20" "Mozilla/5.0+(compatible; UptimeRobot/2.0; http://www.uptimerobot.com/)"
63.143.42.245 - - [24/Mar/2017:21:37:16 +0000] "GET / HTTP/1.1" 403 458 "http://52.37.234.20" "Mozilla/5.0+(compatible; UptimeRobot/2.0; http://www.uptimerobot.com/)"
63.143.42.245 - - [24/Mar/2017:21:38:16 +0000] "GET / HTTP/1.1" 403 458 "http://52.37.234.20" "Mozilla/5.0+(compatible; UptimeRobot/2.0; http://www.uptimerobot.com/)"
63.143.42.245 - - [24/Mar/2017:21:39:16 +0000] "GET / HTTP/1.1" 403 458 "http://52.37.234.20" "Mozilla/5.0+(compatible; UptimeRobot/2.0; http://www.uptimerobot.com/)"
63.143.42.245 - - [24/Mar/2017:21:40:16 +0000] "GET / HTTP/1.1" 403 458 "http://52.37.234.20" "Mozilla/5.0+(compatible; UptimeRobot/2.0; http://www.uptimerobot.com/)"
63.143.42.245 - - [24/Mar/2017:21:41:16 +0000] "GET / HTTP/1.1" 403 458 "http://52.37.234.20" "Mozilla/5.0+(compatible; UptimeRobot/2.0; http://www.uptimerobot.com/)"
63.143.42.245 - - [24/Mar/2017:21:42:16 +0000] "GET / HTTP/1.1" 403 458 "http://52.37.234.20" "Mozilla/5.0+(compatible; UptimeRobot/2.0; http://www.uptimerobot.com/)"
63.143.42.245 - - [24/Mar/2017:21:43:16 +0000] "GET / HTTP/1.1" 403 458 "http://52.37.234.20" "Mozilla/5.0+(compatible; UptimeRobot/2.0; http://www.uptimerobot.com/)"
63.143.42.245 - - [24/Mar/2017:21:44:16 +0000] "GET / HTTP/1.1" 403 458 "http://52.37.234.20" "Mozilla/5.0+(compatible; UptimeRobot/2.0; http://www.uptimerobot.com/)"
63.143.42.245 - - [24/Mar/2017:21:45:16 +0000] "GET / HTTP/1.1" 403 458 "http://52.37.234.20" "Mozilla/5.0+(compatible; UptimeRobot/2.0; http://www.uptimerobot.com/)"
63.143.42.245 - - [24/Mar/2017:21:46:16 +0000] "GET / HTTP/1.1" 403 458 "http://52.37.234.20" "Mozilla/5.0+(compatible; UptimeRobot/2.0; http://www.uptimerobot.com/)"
63.143.42.245 - - [24/Mar/2017:21:47:16 +0000] "GET / HTTP/1.1" 403 458 "http://52.37.234.20" "Mozilla/5.0+(compatible; UptimeRobot/2.0; http://www.uptimerobot.com/)"
63.143.42.245 - - [24/Mar/2017:21:48:16 +0000] "GET / HTTP/1.1" 403 458 "http://52.37.234.20" "Mozilla/5.0+(compatible; UptimeRobot/2.0; http://www.uptimerobot.com/)"
63.143.42.245 - - [24/Mar/2017:21:49:16 +0000] "GET / HTTP/1.1" 403 458 "http://52.37.234.20" "Mozilla/5.0+(compatible; UptimeRobot/2.0; http://www.uptimerobot.com/)"
63.143.42.245 - - [24/Mar/2017:21:50:16 +0000] "GET / HTTP/1.1" 403 458 "http://52.37.234.20" "Mozilla/5.0+(compatible; UptimeRobot/2.0; http://www.uptimerobot.com/)"
63.143.42.245 - - [24/Mar/2017:21:51:16 +0000] "GET / HTTP/1.1" 403 458 "http://52.37.234.20" "Mozilla/5.0+(compatible; UptimeRobot/2.0; http://www.uptimerobot.com/)"
63.143.42.245 - - [24/Mar/2017:21:52:16 +0000] "GET / HTTP/1.1" 403 458 "http://52.37.234.20" "Mozilla/5.0+(compatible; UptimeRobot/2.0; http://www.uptimerobot.com/)"
77.88.47.45 - - [24/Mar/2017:21:52:36 +0000] "GET /image/favicon.png HTTP/1.1" 404 524 "-" "Mozilla/5.0 (compatible; YandexBot/3.0; +http://yandex.com/bots)"
63.143.42.245 - - [24/Mar/2017:21:53:16 +0000] "GET / HTTP/1.1" 403 458 "http://52.37.234.20" "Mozilla/5.0+(compatible; UptimeRobot/2.0; http://www.uptimerobot.com/)"
63.143.42.245 - - [24/Mar/2017:21:54:16 +0000] "GET / HTTP/1.1" 403 458 "http://52.37.234.20" "Mozilla/5.0+(compatible; UptimeRobot/2.0; http://www.uptimerobot.com/)"
185.36.102.114 - - [24/Mar/2017:21:55:06 +0000] "GET /appworks/blog/ HTTP/1.0" 404 484 "http://duckshop.co/46122" "Mozilla/5.0 (Windows NT 6.3; WOW64) AppleWebKit/537.36 (KHTML, like Gecko) Chrome/47.0.2526.111 Safari/537.36"
185.36.102.114 - - [24/Mar/2017:21:55:07 +0000] "GET / HTTP/1.0" 403 474 "http://dev.appworkstechnologies.com/" "Mozilla/5.0 (Windows NT 6.3; WOW64) AppleWebKit/537.36 (KHTML, like Gecko) Chrome/47.0.2526.111 Safari/537.36"
185.36.102.114 - - [24/Mar/2017:21:55:07 +0000] "GET / HTTP/1.0" 403 474 "http://dev.appworkstechnologies.com/" "Mozilla/5.0 (Windows NT 6.3; WOW64) AppleWebKit/537.36 (KHTML, like Gecko) Chrome/47.0.2526.111 Safari/537.36"
185.36.102.114 - - [24/Mar/2017:21:55:08 +0000] "GET / HTTP/1.0" 403 470 "http://appworkstechnologies.com/" "Mozilla/5.0 (Windows NT 6.3; WOW64) AppleWebKit/537.36 (KHTML, like Gecko) Chrome/47.0.2526.111 Safari/537.36"
185.36.102.114 - - [24/Mar/2017:21:55:09 +0000] "GET / HTTP/1.0" 403 470 "http://appworkstechnologies.com/" "Mozilla/5.0 (Windows NT 6.3; WOW64) AppleWebKit/537.36 (KHTML, like Gecko) Chrome/47.0.2526.111 Safari/537.36"
63.143.42.245 - - [24/Mar/2017:21:55:16 +0000] "GET / HTTP/1.1" 403 458 "http://52.37.234.20" "Mozilla/5.0+(compatible; UptimeRobot/2.0; http://www.uptimerobot.com/)"
63.143.42.245 - - [24/Mar/2017:21:56:16 +0000] "GET / HTTP/1.1" 403 458 "http://52.37.234.20" "Mozilla/5.0+(compatible; UptimeRobot/2.0; http://www.uptimerobot.com/)"
63.143.42.245 - - [24/Mar/2017:21:57:16 +0000] "GET / HTTP/1.1" 403 458 "http://52.37.234.20" "Mozilla/5.0+(compatible; UptimeRobot/2.0; http://www.uptimerobot.com/)"
63.143.42.245 - - [24/Mar/2017:21:58:16 +0000] "GET / HTTP/1.1" 403 458 "http://52.37.234.20" "Mozilla/5.0+(compatible; UptimeRobot/2.0; http://www.uptimerobot.com/)"
66.249.79.151 - - [24/Mar/2017:21:58:45 +0000] "GET /appworks/wp-content/themes/twentysixteen/images/home_cs_bg.jpg HTTP/1.1" 404 569 "-" "Googlebot-Image/1.0"
63.143.42.245 - - [24/Mar/2017:21:59:16 +0000] "GET / HTTP/1.1" 403 458 "http://52.37.234.20" "Mozilla/5.0+(compatible; UptimeRobot/2.0; http://www.uptimerobot.com/)"
63.143.42.245 - - [24/Mar/2017:22:00:16 +0000] "GET / HTTP/1.1" 403 458 "http://52.37.234.20" "Mozilla/5.0+(compatible; UptimeRobot/2.0; http://www.uptimerobot.com/)"
66.249.79.147 - - [24/Mar/2017:22:04:08 +0000] "GET /appworks/hotel-booking/ HTTP/1.1" 404 530 "-" "Mozilla/5.0 (compatible; Googlebot/2.1; +http://www.google.com/bot.html)"
63.143.42.245 - - [24/Mar/2017:22:08:22 +0000] "GET / HTTP/1.1" 403 458 "http://52.37.234.20" "Mozilla/5.0+(compatible; UptimeRobot/2.0; http://www.uptimerobot.com/)"
66.249.79.147 - - [24/Mar/2017:22:08:30 +0000] "GET /appworks/taxing-hailing/ HTTP/1.1" 404 531 "-" "Mozilla/5.0 (compatible; Googlebot/2.1; +http://www.google.com/bot.html)"
63.143.42.245 - - [24/Mar/2017:22:09:22 +0000] "GET / HTTP/1.1" 403 458 "http://52.37.234.20" "Mozilla/5.0+(compatible; UptimeRobot/2.0; http://www.uptimerobot.com/)"
63.143.42.245 - - [24/Mar/2017:22:10:22 +0000] "GET / HTTP/1.1" 403 458 "http://52.37.234.20" "Mozilla/5.0+(compatible; UptimeRobot/2.0; http://www.uptimerobot.com/)"
